Reading timing models for corner nom_tt_025C_5v00…
Reading timing library for the 'nom_tt_025C_5v00' corner at '/foss/pdks/gf180mcuD/libs.ref/gf180mcu_fd_sc_mcu7t5v0/lib/gf180mcu_fd_sc_mcu7t5v0__tt_025C_5v00.lib'…
Reading OpenROAD database at 'synthesis/power_ring_ultra8/A54_A_power_ultra.odb'…
Reading design constraints file at '/foss/designs/lstm16x_int8_gf180_1000x1000/A54_A_wrapper/synthesis/constraints.sdc'…
[INFO] No information on clock propagation in input SDC file-- propagating all clocks.
[INFO] Using voltage extracted from lib (5V) for power nets and 0V for ground nets…
%OL_CREATE_REPORT irdrop.rpt
+ analyze_power_grid -net VDD -voltage_file /foss/designs/lstm16x_int8_gf180_1000x1000/A54_A_wrapper/synthesis/runs/A54_A_wrapper_power_ultra8_signoff/01-openroad-irdropreport/net-VDD.csv
[INFO PSM-0040] All shapes on net VDD are connected.
########## IR report #################
Net              : VDD
Corner           : nom_tt_025C_5v00
Total power      : 5.32e-02 W
Supply voltage   : 5.00e+00 V
Worstcase voltage: 4.99e+00 V
Average voltage  : 4.99e+00 V
Average IR drop  : 5.08e-03 V
Worstcase IR drop: 6.04e-03 V
Percentage drop  : 0.12 %
######################################
+ analyze_power_grid -net VSS -voltage_file /foss/designs/lstm16x_int8_gf180_1000x1000/A54_A_wrapper/synthesis/runs/A54_A_wrapper_power_ultra8_signoff/01-openroad-irdropreport/net-VSS.csv
[INFO PSM-0040] All shapes on net VSS are connected.
########## IR report #################
Net              : VSS
Corner           : nom_tt_025C_5v00
Total power      : 5.32e-02 W
Supply voltage   : 0.00e+00 V
Worstcase voltage: 8.84e-03 V
Average voltage  : 7.73e-03 V
Average IR drop  : 7.73e-03 V
Worstcase IR drop: 8.84e-03 V
Percentage drop  : 0.18 %
######################################
%OL_END_REPORT
