OpenROAD 26Q1-1024-gdcf36133a 
Features included (+) or not (-): +GPU +GUI +Python
This program is licensed under the BSD-3 license. See the LICENSE file for details.
Components of this program may be licensed under more restrictive licenses which must be honored.
Reading timing models for corner nom_tt_025C_5v00…
Reading timing library for the 'nom_tt_025C_5v00' corner at '/foss/pdks/gf180mcuD/libs.ref/gf180mcu_fd_sc_mcu7t5v0/lib/gf180mcu_fd_sc_mcu7t5v0__tt_025C_5v00.lib'…
Reading OpenROAD database at 'synthesis/power_ring_ultra8/A54_A_power_ultra.odb'…
Reading design constraints file at '/foss/designs/lstm16x_int8_gf180_1000x1000/A54_A_wrapper/synthesis/constraints.sdc'…
[INFO] No information on clock propagation in input SDC file-- propagating all clocks.
=== OpenROAD PDNSim EM/current-density analysis ===
Base ODB: synthesis/power_ring_ultra8/A54_A_power_ultra.odb
Base SPEF: /foss/designs/lstm16x_int8_gf180_1000x1000/A54_A_wrapper/synthesis/runs/A54_A_wrapper_power_ultra8_rcx/01-openroad-rcx/nom/A54_A.nom.spef
+ analyze_power_grid -net VDD -voltage_file /foss/designs/lstm16x_int8_gf180_1000x1000/A54_A_wrapper/synthesis/em_power_ultra8_20260905/voltage-VDD.csv -error_file /foss/designs/lstm16x_int8_gf180_1000x1000/A54_A_wrapper/synthesis/em_power_ultra8_20260905/grid-errors-VDD.rpt -enable_em -em_outfile /foss/designs/lstm16x_int8_gf180_1000x1000/A54_A_wrapper/synthesis/em_power_ultra8_20260905/em-VDD.csv
[INFO PSM-0040] All shapes on net VDD are connected.
########## IR report #################
Net              : VDD
Corner           : nom_tt_025C_5v00
Total power      : 5.32e-02 W
Supply voltage   : 5.00e+00 V
Worstcase voltage: 4.99e+00 V
Average voltage  : 4.99e+00 V
Average IR drop  : 5.08e-03 V
Worstcase IR drop: 6.04e-03 V
Percentage drop  : 0.12 %
######################################
########## EM analysis ###############
Net                : VDD
Corner             : nom_tt_025C_5v00
Maximum current    : 3.83e-03 A
Average current    : 1.02e-05 A
Number of resistors: 232413
######################################
+ analyze_power_grid -net VSS -voltage_file /foss/designs/lstm16x_int8_gf180_1000x1000/A54_A_wrapper/synthesis/em_power_ultra8_20260905/voltage-VSS.csv -error_file /foss/designs/lstm16x_int8_gf180_1000x1000/A54_A_wrapper/synthesis/em_power_ultra8_20260905/grid-errors-VSS.rpt -enable_em -em_outfile /foss/designs/lstm16x_int8_gf180_1000x1000/A54_A_wrapper/synthesis/em_power_ultra8_20260905/em-VSS.csv
[INFO PSM-0040] All shapes on net VSS are connected.
########## IR report #################
Net              : VSS
Corner           : nom_tt_025C_5v00
Total power      : 5.32e-02 W
Supply voltage   : 0.00e+00 V
Worstcase voltage: 8.84e-03 V
Average voltage  : 7.73e-03 V
Average IR drop  : 7.73e-03 V
Worstcase IR drop: 8.84e-03 V
Percentage drop  : 0.18 %
######################################
########## EM analysis ###############
Net                : VSS
Corner             : nom_tt_025C_5v00
Maximum current    : 1.06e-02 A
Average current    : 9.45e-06 A
Number of resistors: 211222
######################################
=== EM/current-density analysis completed ===
