Reading timing models for corner nom_tt_025C_5v00…
Reading timing library for the 'nom_tt_025C_5v00' corner at '/foss/pdks/gf180mcuD/libs.ref/gf180mcu_fd_sc_mcu7t5v0/lib/gf180mcu_fd_sc_mcu7t5v0__tt_025C_5v00.lib'…
Reading OpenROAD database at '/foss/designs/lstm16x_int8_gf180_1000x1000/A54_A_wrapper/synthesis/runs/A54_A_wrapper_strong_power3/16-openroad-repairantennas/1-openroad-diodeinsertion/A54_A.odb'…
Reading design constraints file at '/foss/designs/lstm16x_int8_gf180_1000x1000/A54_A_wrapper/synthesis/constraints.sdc'…
[INFO] No information on clock propagation in input SDC file-- propagating all clocks.
[INFO ORD-0030] Using 32 thread(s).
+ detailed_route -droute_end_iter 64 -or_seed 42 -verbose 1 -output_drc /foss/designs/lstm16x_int8_gf180_1000x1000/A54_A_wrapper/synthesis/runs/A54_A_wrapper_strong_power3/18-openroad-detailedrouting/drt-run-0/A54_A.drc
[INFO DRT-0149] Reading tech and libs.
[WARNING DRT-0349] LEF58_ENCLOSURE with no CUTCLASS is not supported. Skipping for layer Via1
[WARNING DRT-0349] LEF58_ENCLOSURE with no CUTCLASS is not supported. Skipping for layer Via1
[WARNING DRT-0349] LEF58_ENCLOSURE with no CUTCLASS is not supported. Skipping for layer Via2
[WARNING DRT-0349] LEF58_ENCLOSURE with no CUTCLASS is not supported. Skipping for layer Via2
[WARNING DRT-0349] LEF58_ENCLOSURE with no CUTCLASS is not supported. Skipping for layer Via3
[WARNING DRT-0349] LEF58_ENCLOSURE with no CUTCLASS is not supported. Skipping for layer Via3
[WARNING DRT-0349] LEF58_ENCLOSURE with no CUTCLASS is not supported. Skipping for layer Via4
[WARNING DRT-0349] LEF58_ENCLOSURE with no CUTCLASS is not supported. Skipping for layer Via4

Units:                2000
Number of layers:     11
Number of macros:     229
Number of vias:       59
Number of viarulegen: 16

[INFO DRT-0150] Reading design.

Design:                   A54_A
Die area:                 ( 0 0 ) ( 2220000 2220000 )
Number of track patterns: 10
Number of DEF vias:       0
Number of components:     34551
Number of terminals:      125
Number of snets:          2
Number of nets:           26138

[INFO DRT-0167] List of default vias:
  Layer Via2
    default via: Via2_VH
  Layer Via3
    default via: Via3_HV
  Layer Via4
    default via: Via4_VH
[INFO DRT-0162] Library cell analysis.
[INFO DRT-0163] Instance analysis.
[INFO DRT-0164] Number of unique instances = 283.
[INFO DRT-0168] Init region query.
[INFO DRT-0024]   Complete Poly2.
[INFO DRT-0024]   Complete CON.
[INFO DRT-0024]   Complete Metal1.
[INFO DRT-0024]   Complete Via1.
[INFO DRT-0024]   Complete Metal2.
[INFO DRT-0024]   Complete Via2.
[INFO DRT-0024]   Complete Metal3.
[INFO DRT-0024]   Complete Via3.
[INFO DRT-0024]   Complete Metal4.
[INFO DRT-0024]   Complete Via4.
[INFO DRT-0024]   Complete Metal5.
[INFO DRT-0033] Poly2 shape region query size = 0.
[INFO DRT-0033] CON shape region query size = 0.
[INFO DRT-0033] Metal1 shape region query size = 666797.
[INFO DRT-0033] Via1 shape region query size = 35718.
[INFO DRT-0033] Metal2 shape region query size = 8113.
[INFO DRT-0033] Via2 shape region query size = 35622.
[INFO DRT-0033] Metal3 shape region query size = 7916.
[INFO DRT-0033] Via3 shape region query size = 35622.
[INFO DRT-0033] Metal4 shape region query size = 3987.
[INFO DRT-0033] Via4 shape region query size = 0.
[INFO DRT-0033] Metal5 shape region query size = 0.
[INFO DRT-0165] Start pin access.
[INFO DRT-0076]   Complete 1000 pins.
[INFO DRT-0076]   Complete 2000 pins.
[INFO DRT-0078]   Complete 2106 pins.
[INFO DRT-0079]   Complete 100 unique inst patterns.
[INFO DRT-0079]   Complete 200 unique inst patterns.
[INFO DRT-0081]   Complete 279 unique inst patterns.
[INFO DRT-0082]   Complete 10000 groups.
[INFO DRT-0084]   Complete 16693 groups.
#scanned instances     = 34551
#unique  instances     = 283
#stdCellGenAp          = 6131
#stdCellValidPlanarAp  = 0
#stdCellValidViaAp     = 5104
#stdCellPinNoAp        = 0
#stdCellPinCnt         = 90929
#instTermValidViaApCnt = 0
#macroGenAp            = 0
#macroValidPlanarAp    = 0
#macroValidViaAp       = 0
#macroNoAp             = 0
[INFO DRT-0166] Complete pin access.
[INFO DRT-0267] cpu time = 00:00:57, elapsed time = 00:00:02, memory = 277.99 (MB), peak = 283.25 (MB)
[INFO DRT-0156] guideIn read 100000 guides.
[INFO DRT-0156] guideIn read 200000 guides.

[INFO DRT-0157] Number of guides:     217805

[INFO DRT-0169] Post process guides.
[INFO DRT-0176] GCELLGRID X 0 DO 132 STEP 16800 ;
[INFO DRT-0177] GCELLGRID Y 0 DO 132 STEP 16800 ;
[INFO DRT-0026]   Complete 100000 origin guides.
[INFO DRT-0026]   Complete 200000 origin guides.
[INFO DRT-0028]   Complete Poly2.
[INFO DRT-0028]   Complete CON.
[INFO DRT-0028]   Complete Metal1.
[INFO DRT-0028]   Complete Via1.
[INFO DRT-0028]   Complete Metal2.
[INFO DRT-0028]   Complete Via2.
[INFO DRT-0028]   Complete Metal3.
[INFO DRT-0028]   Complete Via3.
[INFO DRT-0028]   Complete Metal4.
[INFO DRT-0028]   Complete Via4.
[INFO DRT-0028]   Complete Metal5.
[INFO DRT-0178] Init guide query.
[INFO DRT-0035]   Complete Poly2 (guide).
[INFO DRT-0035]   Complete CON (guide).
[INFO DRT-0035]   Complete Metal1 (guide).
[INFO DRT-0035]   Complete Via1 (guide).
[INFO DRT-0035]   Complete Metal2 (guide).
[INFO DRT-0035]   Complete Via2 (guide).
[INFO DRT-0035]   Complete Metal3 (guide).
[INFO DRT-0035]   Complete Via3 (guide).
[INFO DRT-0035]   Complete Metal4 (guide).
[INFO DRT-0035]   Complete Via4 (guide).
[INFO DRT-0035]   Complete Metal5 (guide).
[INFO DRT-0036] Poly2 guide region query size = 0.
[INFO DRT-0036] CON guide region query size = 0.
[INFO DRT-0036] Metal1 guide region query size = 77852.
[INFO DRT-0036] Via1 guide region query size = 0.
[INFO DRT-0036] Metal2 guide region query size = 68749.
[INFO DRT-0036] Via2 guide region query size = 0.
[INFO DRT-0036] Metal3 guide region query size = 33252.
[INFO DRT-0036] Via3 guide region query size = 0.
[INFO DRT-0036] Metal4 guide region query size = 505.
[INFO DRT-0036] Via4 guide region query size = 0.
[INFO DRT-0036] Metal5 guide region query size = 0.
[INFO DRT-0179] Init gr pin query.
[INFO DRT-0267] cpu time = 00:00:01, elapsed time = 00:00:00, memory = 355.80 (MB), peak = 350.91 (MB)
[INFO DRT-0245] skipped writing guide updates to database.
[INFO DRT-0181] Start track assignment.
[INFO DRT-0184] Done with 69254 vertical wires in 3 frboxes and 111104 horizontal wires in 3 frboxes.
[INFO DRT-0186] Done with 18961 vertical wires in 3 frboxes and 15486 horizontal wires in 3 frboxes.
[INFO DRT-0182] Complete track assignment.
[INFO DRT-0267] cpu time = 00:00:06, elapsed time = 00:00:02, memory = 835.22 (MB), peak = 830.68 (MB)
[INFO DRT-0187] Start routing data preparation.
[INFO DRT-0267] cpu time = 00:00:00, elapsed time = 00:00:00, memory = 846.08 (MB), peak = 841.18 (MB)
[INFO DRT-0194] Start detail routing.
[INFO DRT-0195] Start 0th optimization iteration.
    Completing 10% with 0 violations.
    elapsed time = 00:00:00, memory = 1126.75 (MB).
    Completing 20% with 0 violations.
    elapsed time = 00:00:01, memory = 1247.68 (MB).
    Completing 30% with 1137 violations.
    elapsed time = 00:00:02, memory = 1303.54 (MB).
    Completing 40% with 1137 violations.
    elapsed time = 00:00:03, memory = 1332.91 (MB).
    Completing 50% with 1137 violations.
    elapsed time = 00:00:03, memory = 1362.48 (MB).
    Completing 60% with 2304 violations.
    elapsed time = 00:00:04, memory = 1400.81 (MB).
    Completing 70% with 2304 violations.
    elapsed time = 00:00:05, memory = 1410.47 (MB).
    Completing 80% with 3528 violations.
    elapsed time = 00:00:06, memory = 1443.87 (MB).
    Completing 90% with 3528 violations.
    elapsed time = 00:00:07, memory = 1453.12 (MB).
    Completing 100% with 4619 violations.
    elapsed time = 00:00:07, memory = 1471.39 (MB).
[INFO DRT-0199]   Number of violations = 6430.
Viol/Layer      Metal1 Metal2 Metal3   Via3 Metal4
Cut Spacing          0      0      0      4      0
Metal Spacing        0    494      8      0      3
Recheck             78   1338    360      0     35
Short                0   3807    251     24     28
[INFO DRT-0267] cpu time = 00:03:11, elapsed time = 00:00:08, memory = 1746.10 (MB), peak = 1741.53 (MB)
Total wire length = 1069219 um.
Total wire length on LAYER Metal1 = 0 um.
Total wire length on LAYER Metal2 = 564340 um.
Total wire length on LAYER Metal3 = 488722 um.
Total wire length on LAYER Metal4 = 16156 um.
Total wire length on LAYER Metal5 = 0 um.
Total number of vias = 175185.
Up-via summary (total 175185):

-----------------
  Poly2         0
 Metal1     93651
 Metal2     80063
 Metal3      1471
 Metal4         0
-----------------
       175185


[INFO DRT-0195] Start 1st optimization iteration.
    Completing 10% with 6430 violations.
    elapsed time = 00:00:00, memory = 1752.24 (MB).
    Completing 20% with 6430 violations.
    elapsed time = 00:00:01, memory = 1754.36 (MB).
    Completing 30% with 5161 violations.
    elapsed time = 00:00:02, memory = 1765.79 (MB).
    Completing 40% with 5161 violations.
    elapsed time = 00:00:03, memory = 1772.05 (MB).
    Completing 50% with 5161 violations.
    elapsed time = 00:00:03, memory = 1775.59 (MB).
    Completing 60% with 4289 violations.
    elapsed time = 00:00:04, memory = 1781.99 (MB).
    Completing 70% with 4289 violations.
    elapsed time = 00:00:05, memory = 1782.66 (MB).
    Completing 80% with 3273 violations.
    elapsed time = 00:00:06, memory = 1786.30 (MB).
    Completing 90% with 3273 violations.
    elapsed time = 00:00:06, memory = 1792.13 (MB).
    Completing 100% with 2292 violations.
    elapsed time = 00:00:07, memory = 1796.39 (MB).
[INFO DRT-0199]   Number of violations = 2292.
Viol/Layer      Metal2 Metal3 Metal4
Metal Spacing      271      3      1
Short             1976     37      4
[INFO DRT-0267] cpu time = 00:02:56, elapsed time = 00:00:07, memory = 1803.19 (MB), peak = 1798.53 (MB)
Total wire length = 1060110 um.
Total wire length on LAYER Metal1 = 0 um.
Total wire length on LAYER Metal2 = 557209 um.
Total wire length on LAYER Metal3 = 485363 um.
Total wire length on LAYER Metal4 = 17537 um.
Total wire length on LAYER Metal5 = 0 um.
Total number of vias = 174353.
Up-via summary (total 174353):

-----------------
  Poly2         0
 Metal1     93669
 Metal2     78889
 Metal3      1795
 Metal4         0
-----------------
       174353


[INFO DRT-0195] Start 2nd optimization iteration.
    Completing 10% with 2292 violations.
    elapsed time = 00:00:00, memory = 1804.70 (MB).
    Completing 20% with 2292 violations.
    elapsed time = 00:00:01, memory = 1809.08 (MB).
    Completing 30% with 2244 violations.
    elapsed time = 00:00:02, memory = 1809.08 (MB).
    Completing 40% with 2244 violations.
    elapsed time = 00:00:02, memory = 1812.12 (MB).
    Completing 50% with 2244 violations.
    elapsed time = 00:00:03, memory = 1812.18 (MB).
    Completing 60% with 2108 violations.
    elapsed time = 00:00:04, memory = 1814.52 (MB).
    Completing 70% with 2108 violations.
    elapsed time = 00:00:04, memory = 1814.64 (MB).
    Completing 80% with 2069 violations.
    elapsed time = 00:00:05, memory = 1772.55 (MB).
    Completing 90% with 2069 violations.
    elapsed time = 00:00:06, memory = 1774.22 (MB).
    Completing 100% with 2042 violations.
    elapsed time = 00:00:07, memory = 1774.23 (MB).
[INFO DRT-0199]   Number of violations = 2042.
Viol/Layer      Metal2 Metal3
Metal Spacing      251      9
Short             1731     51
[INFO DRT-0267] cpu time = 00:02:53, elapsed time = 00:00:07, memory = 1780.23 (MB), peak = 1809.78 (MB)
Total wire length = 1058297 um.
Total wire length on LAYER Metal1 = 0 um.
Total wire length on LAYER Metal2 = 555434 um.
Total wire length on LAYER Metal3 = 484669 um.
Total wire length on LAYER Metal4 = 18193 um.
Total wire length on LAYER Metal5 = 0 um.
Total number of vias = 173979.
Up-via summary (total 173979):

-----------------
  Poly2         0
 Metal1     93635
 Metal2     78495
 Metal3      1849
 Metal4         0
-----------------
       173979


[INFO DRT-0195] Start 3rd optimization iteration.
    Completing 10% with 2042 violations.
    elapsed time = 00:00:00, memory = 1780.23 (MB).
    Completing 20% with 2042 violations.
    elapsed time = 00:00:00, memory = 1780.40 (MB).
    Completing 30% with 1575 violations.
    elapsed time = 00:00:01, memory = 1780.40 (MB).
    Completing 40% with 1575 violations.
    elapsed time = 00:00:01, memory = 1780.98 (MB).
    Completing 50% with 1575 violations.
    elapsed time = 00:00:02, memory = 1781.18 (MB).
    Completing 60% with 1022 violations.
    elapsed time = 00:00:02, memory = 1781.81 (MB).
    Completing 70% with 1022 violations.
    elapsed time = 00:00:03, memory = 1786.12 (MB).
    Completing 80% with 510 violations.
    elapsed time = 00:00:04, memory = 1789.91 (MB).
    Completing 90% with 510 violations.
    elapsed time = 00:00:04, memory = 1790.77 (MB).
    Completing 100% with 93 violations.
    elapsed time = 00:00:05, memory = 1797.14 (MB).
[INFO DRT-0199]   Number of violations = 93.
Viol/Layer      Metal2 Metal3
Metal Spacing       18      0
Short               74      1
[INFO DRT-0267] cpu time = 00:01:51, elapsed time = 00:00:05, memory = 1797.14 (MB), peak = 1809.78 (MB)
Total wire length = 1059202 um.
Total wire length on LAYER Metal1 = 0 um.
Total wire length on LAYER Metal2 = 533786 um.
Total wire length on LAYER Metal3 = 488639 um.
Total wire length on LAYER Metal4 = 36777 um.
Total wire length on LAYER Metal5 = 0 um.
Total number of vias = 177892.
Up-via summary (total 177892):

-----------------
  Poly2         0
 Metal1     93590
 Metal2     80166
 Metal3      4136
 Metal4         0
-----------------
       177892


[INFO DRT-0195] Start 4th guides tiles iteration.
    Completing 10% with 93 violations.
    elapsed time = 00:00:00, memory = 1797.14 (MB).
    Completing 20% with 93 violations.
    elapsed time = 00:00:00, memory = 1797.14 (MB).
    Completing 30% with 93 violations.
    elapsed time = 00:00:00, memory = 1797.14 (MB).
    Completing 40% with 93 violations.
    elapsed time = 00:00:00, memory = 1797.14 (MB).
    Completing 50% with 93 violations.
    elapsed time = 00:00:00, memory = 1797.14 (MB).
    Completing 60% with 93 violations.
    elapsed time = 00:00:00, memory = 1797.14 (MB).
    Completing 70% with 36 violations.
    elapsed time = 00:00:00, memory = 1797.14 (MB).
    Completing 80% with 36 violations.
    elapsed time = 00:00:00, memory = 1797.14 (MB).
    Completing 90% with 36 violations.
    elapsed time = 00:00:00, memory = 1797.14 (MB).
    Completing 100% with 27 violations.
    elapsed time = 00:00:00, memory = 1797.14 (MB).
[INFO DRT-0199]   Number of violations = 27.
Viol/Layer      Metal2
Metal Spacing       11
Short               16
[INFO DRT-0267] cpu time = 00:00:03, elapsed time = 00:00:00, memory = 1797.14 (MB), peak = 1809.78 (MB)
Total wire length = 1059363 um.
Total wire length on LAYER Metal1 = 0 um.
Total wire length on LAYER Metal2 = 533416 um.
Total wire length on LAYER Metal3 = 488875 um.
Total wire length on LAYER Metal4 = 37071 um.
Total wire length on LAYER Metal5 = 0 um.
Total number of vias = 178023.
Up-via summary (total 178023):

-----------------
  Poly2         0
 Metal1     93588
 Metal2     80247
 Metal3      4188
 Metal4         0
-----------------
       178023


[INFO DRT-0195] Start 5th guides tiles iteration.
    Completing 10% with 27 violations.
    elapsed time = 00:00:00, memory = 1797.14 (MB).
    Completing 20% with 27 violations.
    elapsed time = 00:00:00, memory = 1797.14 (MB).
    Completing 30% with 27 violations.
    elapsed time = 00:00:00, memory = 1797.14 (MB).
    Completing 40% with 27 violations.
    elapsed time = 00:00:00, memory = 1797.14 (MB).
    Completing 50% with 27 violations.
    elapsed time = 00:00:00, memory = 1797.14 (MB).
    Completing 60% with 27 violations.
    elapsed time = 00:00:00, memory = 1797.14 (MB).
    Completing 70% with 27 violations.
    elapsed time = 00:00:00, memory = 1797.14 (MB).
    Completing 80% with 27 violations.
    elapsed time = 00:00:00, memory = 1797.14 (MB).
    Completing 90% with 27 violations.
    elapsed time = 00:00:00, memory = 1797.14 (MB).
    Completing 100% with 27 violations.
    elapsed time = 00:00:00, memory = 1797.14 (MB).
[INFO DRT-0199]   Number of violations = 27.
Viol/Layer      Metal2
Metal Spacing       11
Short               16
[INFO DRT-0267] cpu time = 00:00:01, elapsed time = 00:00:00, memory = 1797.14 (MB), peak = 1809.78 (MB)
Total wire length = 1059365 um.
Total wire length on LAYER Metal1 = 0 um.
Total wire length on LAYER Metal2 = 533419 um.
Total wire length on LAYER Metal3 = 488874 um.
Total wire length on LAYER Metal4 = 37071 um.
Total wire length on LAYER Metal5 = 0 um.
Total number of vias = 178023.
Up-via summary (total 178023):

-----------------
  Poly2         0
 Metal1     93588
 Metal2     80247
 Metal3      4188
 Metal4         0
-----------------
       178023


[INFO DRT-0195] Start 6th stubborn tiles iteration.
    Completing 10% with 27 violations.
    elapsed time = 00:00:00, memory = 1797.14 (MB).
    Completing 20% with 27 violations.
    elapsed time = 00:00:01, memory = 1797.14 (MB).
    Completing 30% with 27 violations.
    elapsed time = 00:00:02, memory = 1797.14 (MB).
    Completing 40% with 27 violations.
    elapsed time = 00:00:02, memory = 1797.14 (MB).
    Completing 50% with 27 violations.
    elapsed time = 00:00:03, memory = 1797.14 (MB).
    Completing 60% with 27 violations.
    elapsed time = 00:00:04, memory = 1800.10 (MB).
    Completing 70% with 27 violations.
    elapsed time = 00:00:05, memory = 1878.67 (MB).
    Completing 80% with 23 violations.
    elapsed time = 00:00:05, memory = 1878.78 (MB).
    Completing 90% with 23 violations.
    elapsed time = 00:00:06, memory = 1878.78 (MB).
    Completing 100% with 22 violations.
    elapsed time = 00:00:07, memory = 1878.81 (MB).
[INFO DRT-0199]   Number of violations = 22.
Viol/Layer      Metal2
Metal Spacing        9
Short               13
[INFO DRT-0267] cpu time = 00:03:12, elapsed time = 00:00:07, memory = 1878.81 (MB), peak = 1874.18 (MB)
Total wire length = 1059363 um.
Total wire length on LAYER Metal1 = 0 um.
Total wire length on LAYER Metal2 = 533389 um.
Total wire length on LAYER Metal3 = 488880 um.
Total wire length on LAYER Metal4 = 37093 um.
Total wire length on LAYER Metal5 = 0 um.
Total number of vias = 178030.
Up-via summary (total 178030):

-----------------
  Poly2         0
 Metal1     93588
 Metal2     80248
 Metal3      4194
 Metal4         0
-----------------
       178030


[INFO DRT-0195] Start 7th guides tiles iteration.
    Completing 10% with 22 violations.
    elapsed time = 00:00:00, memory = 1878.81 (MB).
    Completing 20% with 22 violations.
    elapsed time = 00:00:00, memory = 1878.81 (MB).
    Completing 30% with 22 violations.
    elapsed time = 00:00:00, memory = 1878.81 (MB).
    Completing 40% with 22 violations.
    elapsed time = 00:00:00, memory = 1878.81 (MB).
    Completing 50% with 22 violations.
    elapsed time = 00:00:00, memory = 1878.81 (MB).
    Completing 60% with 22 violations.
    elapsed time = 00:00:00, memory = 1878.81 (MB).
    Completing 70% with 22 violations.
    elapsed time = 00:00:00, memory = 1878.81 (MB).
    Completing 80% with 22 violations.
    elapsed time = 00:00:00, memory = 1878.81 (MB).
    Completing 90% with 22 violations.
    elapsed time = 00:00:00, memory = 1878.81 (MB).
    Completing 100% with 22 violations.
    elapsed time = 00:00:00, memory = 1878.81 (MB).
[INFO DRT-0199]   Number of violations = 22.
Viol/Layer      Metal2
Metal Spacing        9
Short               13
[INFO DRT-0267] cpu time = 00:00:01, elapsed time = 00:00:00, memory = 1878.81 (MB), peak = 1874.18 (MB)
Total wire length = 1059362 um.
Total wire length on LAYER Metal1 = 0 um.
Total wire length on LAYER Metal2 = 533396 um.
Total wire length on LAYER Metal3 = 488880 um.
Total wire length on LAYER Metal4 = 37085 um.
Total wire length on LAYER Metal5 = 0 um.
Total number of vias = 178026.
Up-via summary (total 178026):

-----------------
  Poly2         0
 Metal1     93588
 Metal2     80248
 Metal3      4190
 Metal4         0
-----------------
       178026


[INFO DRT-0195] Start 8th stubborn tiles iteration.
    Completing 10% with 22 violations.
    elapsed time = 00:00:00, memory = 1878.81 (MB).
    Completing 20% with 22 violations.
    elapsed time = 00:00:01, memory = 1878.81 (MB).
    Completing 30% with 22 violations.
    elapsed time = 00:00:01, memory = 1878.81 (MB).
    Completing 40% with 22 violations.
    elapsed time = 00:00:02, memory = 1878.81 (MB).
    Completing 50% with 22 violations.
    elapsed time = 00:00:02, memory = 1878.81 (MB).
    Completing 60% with 22 violations.
    elapsed time = 00:00:03, memory = 1878.81 (MB).
    Completing 70% with 22 violations.
    elapsed time = 00:00:04, memory = 1878.81 (MB).
    Completing 80% with 22 violations.
    elapsed time = 00:00:04, memory = 1878.81 (MB).
    Completing 90% with 22 violations.
    elapsed time = 00:00:04, memory = 1878.81 (MB).
    Completing 100% with 22 violations.
    elapsed time = 00:00:05, memory = 1878.81 (MB).
[INFO DRT-0199]   Number of violations = 22.
Viol/Layer      Metal2
Metal Spacing        7
Short               15
[INFO DRT-0267] cpu time = 00:02:39, elapsed time = 00:00:05, memory = 1878.81 (MB), peak = 1874.18 (MB)
Total wire length = 1059371 um.
Total wire length on LAYER Metal1 = 0 um.
Total wire length on LAYER Metal2 = 533401 um.
Total wire length on LAYER Metal3 = 488879 um.
Total wire length on LAYER Metal4 = 37089 um.
Total wire length on LAYER Metal5 = 0 um.
Total number of vias = 178028.
Up-via summary (total 178028):

-----------------
  Poly2         0
 Metal1     93588
 Metal2     80248
 Metal3      4192
 Metal4         0
-----------------
       178028


[INFO DRT-0200] Skipping iteration 9
[INFO DRT-0195] Start 10th guides tiles iteration.
    Completing 10% with 22 violations.
    elapsed time = 00:00:00, memory = 1878.81 (MB).
    Completing 20% with 22 violations.
    elapsed time = 00:00:00, memory = 1878.81 (MB).
    Completing 30% with 22 violations.
    elapsed time = 00:00:00, memory = 1878.81 (MB).
    Completing 40% with 22 violations.
    elapsed time = 00:00:00, memory = 1878.81 (MB).
    Completing 50% with 22 violations.
    elapsed time = 00:00:00, memory = 1878.81 (MB).
    Completing 60% with 22 violations.
    elapsed time = 00:00:00, memory = 1878.81 (MB).
    Completing 70% with 22 violations.
    elapsed time = 00:00:00, memory = 1878.81 (MB).
    Completing 80% with 22 violations.
    elapsed time = 00:00:00, memory = 1878.81 (MB).
    Completing 90% with 22 violations.
    elapsed time = 00:00:00, memory = 1878.81 (MB).
    Completing 100% with 22 violations.
    elapsed time = 00:00:00, memory = 1878.81 (MB).
[INFO DRT-0199]   Number of violations = 22.
Viol/Layer      Metal2
Metal Spacing        6
Short               16
[INFO DRT-0267] cpu time = 00:00:01, elapsed time = 00:00:00, memory = 1878.81 (MB), peak = 1874.18 (MB)
Total wire length = 1059368 um.
Total wire length on LAYER Metal1 = 0 um.
Total wire length on LAYER Metal2 = 533400 um.
Total wire length on LAYER Metal3 = 488878 um.
Total wire length on LAYER Metal4 = 37089 um.
Total wire length on LAYER Metal5 = 0 um.
Total number of vias = 178028.
Up-via summary (total 178028):

-----------------
  Poly2         0
 Metal1     93588
 Metal2     80248
 Metal3      4192
 Metal4         0
-----------------
       178028


[INFO DRT-0195] Start 11th stubborn tiles iteration.
    Completing 10% with 22 violations.
    elapsed time = 00:00:00, memory = 1878.81 (MB).
    Completing 20% with 22 violations.
    elapsed time = 00:00:01, memory = 1878.81 (MB).
    Completing 30% with 22 violations.
    elapsed time = 00:00:02, memory = 1878.81 (MB).
    Completing 40% with 22 violations.
    elapsed time = 00:00:02, memory = 1878.81 (MB).
    Completing 50% with 22 violations.
    elapsed time = 00:00:03, memory = 1878.81 (MB).
    Completing 60% with 22 violations.
    elapsed time = 00:00:03, memory = 1878.81 (MB).
    Completing 70% with 22 violations.
    elapsed time = 00:00:04, memory = 1878.81 (MB).
    Completing 80% with 22 violations.
    elapsed time = 00:00:05, memory = 1878.81 (MB).
    Completing 90% with 22 violations.
    elapsed time = 00:00:05, memory = 1878.81 (MB).
    Completing 100% with 22 violations.
    elapsed time = 00:00:06, memory = 1878.81 (MB).
[INFO DRT-0199]   Number of violations = 22.
Viol/Layer      Metal2
Metal Spacing        6
Short               16
[INFO DRT-0267] cpu time = 00:03:00, elapsed time = 00:00:06, memory = 1878.81 (MB), peak = 1874.18 (MB)
Total wire length = 1059367 um.
Total wire length on LAYER Metal1 = 0 um.
Total wire length on LAYER Metal2 = 533401 um.
Total wire length on LAYER Metal3 = 488879 um.
Total wire length on LAYER Metal4 = 37086 um.
Total wire length on LAYER Metal5 = 0 um.
Total number of vias = 178028.
Up-via summary (total 178028):

-----------------
  Poly2         0
 Metal1     93588
 Metal2     80248
 Metal3      4192
 Metal4         0
-----------------
       178028


[INFO DRT-0200] Skipping iteration 12
[INFO DRT-0200] Skipping iteration 13
[INFO DRT-0200] Skipping iteration 14
[INFO DRT-0195] Start 15th guides tiles iteration.
    Completing 10% with 22 violations.
    elapsed time = 00:00:00, memory = 1878.81 (MB).
    Completing 20% with 22 violations.
    elapsed time = 00:00:00, memory = 1878.81 (MB).
    Completing 30% with 22 violations.
    elapsed time = 00:00:00, memory = 1878.81 (MB).
    Completing 40% with 22 violations.
    elapsed time = 00:00:00, memory = 1878.81 (MB).
    Completing 50% with 22 violations.
    elapsed time = 00:00:00, memory = 1878.81 (MB).
    Completing 60% with 22 violations.
    elapsed time = 00:00:00, memory = 1878.81 (MB).
    Completing 70% with 22 violations.
    elapsed time = 00:00:00, memory = 1878.81 (MB).
    Completing 80% with 22 violations.
    elapsed time = 00:00:00, memory = 1878.81 (MB).
    Completing 90% with 22 violations.
    elapsed time = 00:00:00, memory = 1878.81 (MB).
    Completing 100% with 22 violations.
    elapsed time = 00:00:00, memory = 1878.81 (MB).
[INFO DRT-0199]   Number of violations = 22.
Viol/Layer      Metal2
Metal Spacing        6
Short               16
[INFO DRT-0267] cpu time = 00:00:01, elapsed time = 00:00:00, memory = 1878.81 (MB), peak = 1874.18 (MB)
Total wire length = 1059364 um.
Total wire length on LAYER Metal1 = 0 um.
Total wire length on LAYER Metal2 = 533402 um.
Total wire length on LAYER Metal3 = 488875 um.
Total wire length on LAYER Metal4 = 37085 um.
Total wire length on LAYER Metal5 = 0 um.
Total number of vias = 178026.
Up-via summary (total 178026):

-----------------
  Poly2         0
 Metal1     93588
 Metal2     80248
 Metal3      4190
 Metal4         0
-----------------
       178026


[INFO DRT-0195] Start 16th stubborn tiles iteration.
    Completing 10% with 22 violations.
    elapsed time = 00:00:00, memory = 1878.81 (MB).
    Completing 20% with 22 violations.
    elapsed time = 00:00:00, memory = 1878.81 (MB).
    Completing 30% with 22 violations.
    elapsed time = 00:00:01, memory = 1878.81 (MB).
    Completing 40% with 22 violations.
    elapsed time = 00:00:02, memory = 1878.81 (MB).
    Completing 50% with 22 violations.
    elapsed time = 00:00:03, memory = 1878.81 (MB).
    Completing 60% with 22 violations.
    elapsed time = 00:00:04, memory = 1878.81 (MB).
    Completing 70% with 22 violations.
    elapsed time = 00:00:04, memory = 1878.81 (MB).
    Completing 80% with 22 violations.
    elapsed time = 00:00:05, memory = 1878.81 (MB).
    Completing 90% with 22 violations.
    elapsed time = 00:00:06, memory = 1878.81 (MB).
    Completing 100% with 22 violations.
    elapsed time = 00:00:07, memory = 1878.81 (MB).
[INFO DRT-0199]   Number of violations = 22.
Viol/Layer      Metal2
Metal Spacing        7
Short               15
[INFO DRT-0267] cpu time = 00:03:19, elapsed time = 00:00:07, memory = 1878.81 (MB), peak = 1874.18 (MB)
Total wire length = 1059367 um.
Total wire length on LAYER Metal1 = 0 um.
Total wire length on LAYER Metal2 = 533404 um.
Total wire length on LAYER Metal3 = 488875 um.
Total wire length on LAYER Metal4 = 37086 um.
Total wire length on LAYER Metal5 = 0 um.
Total number of vias = 178028.
Up-via summary (total 178028):

-----------------
  Poly2         0
 Metal1     93588
 Metal2     80248
 Metal3      4192
 Metal4         0
-----------------
       178028


[INFO DRT-0195] Start 17th optimization iteration.
    Completing 10% with 22 violations.
    elapsed time = 00:00:00, memory = 1878.81 (MB).
    Completing 20% with 22 violations.
    elapsed time = 00:00:00, memory = 1878.81 (MB).
    Completing 30% with 28 violations.
    elapsed time = 00:00:00, memory = 1878.81 (MB).
    Completing 40% with 28 violations.
    elapsed time = 00:00:00, memory = 1878.81 (MB).
    Completing 50% with 28 violations.
    elapsed time = 00:00:00, memory = 1878.81 (MB).
    Completing 60% with 34 violations.
    elapsed time = 00:00:00, memory = 1878.81 (MB).
    Completing 70% with 34 violations.
    elapsed time = 00:00:00, memory = 1878.81 (MB).
    Completing 80% with 34 violations.
    elapsed time = 00:00:00, memory = 1878.81 (MB).
    Completing 90% with 34 violations.
    elapsed time = 00:00:00, memory = 1878.81 (MB).
    Completing 100% with 34 violations.
    elapsed time = 00:00:00, memory = 1878.81 (MB).
[INFO DRT-0199]   Number of violations = 34.
Viol/Layer      Metal2
Metal Spacing       20
Short               14
[INFO DRT-0267] cpu time = 00:00:04, elapsed time = 00:00:00, memory = 1878.81 (MB), peak = 1874.18 (MB)
Total wire length = 1059342 um.
Total wire length on LAYER Metal1 = 0 um.
Total wire length on LAYER Metal2 = 533229 um.
Total wire length on LAYER Metal3 = 488877 um.
Total wire length on LAYER Metal4 = 37235 um.
Total wire length on LAYER Metal5 = 0 um.
Total number of vias = 178045.
Up-via summary (total 178045):

-----------------
  Poly2         0
 Metal1     93588
 Metal2     80254
 Metal3      4203
 Metal4         0
-----------------
       178045


[INFO DRT-0195] Start 18th guides tiles iteration.
    Completing 10% with 34 violations.
    elapsed time = 00:00:00, memory = 1878.81 (MB).
    Completing 20% with 34 violations.
    elapsed time = 00:00:00, memory = 1878.81 (MB).
    Completing 30% with 34 violations.
    elapsed time = 00:00:00, memory = 1878.81 (MB).
    Completing 40% with 34 violations.
    elapsed time = 00:00:00, memory = 1878.81 (MB).
    Completing 50% with 34 violations.
    elapsed time = 00:00:00, memory = 1878.81 (MB).
    Completing 60% with 34 violations.
    elapsed time = 00:00:00, memory = 1878.81 (MB).
    Completing 70% with 34 violations.
    elapsed time = 00:00:00, memory = 1878.81 (MB).
    Completing 80% with 34 violations.
    elapsed time = 00:00:00, memory = 1878.81 (MB).
    Completing 90% with 34 violations.
    elapsed time = 00:00:00, memory = 1878.81 (MB).
    Completing 100% with 29 violations.
    elapsed time = 00:00:00, memory = 1878.81 (MB).
[INFO DRT-0199]   Number of violations = 29.
Viol/Layer      Metal2
Metal Spacing       16
Short               13
[INFO DRT-0267] cpu time = 00:00:01, elapsed time = 00:00:00, memory = 1878.81 (MB), peak = 1874.18 (MB)
Total wire length = 1059342 um.
Total wire length on LAYER Metal1 = 0 um.
Total wire length on LAYER Metal2 = 533227 um.
Total wire length on LAYER Metal3 = 488878 um.
Total wire length on LAYER Metal4 = 37235 um.
Total wire length on LAYER Metal5 = 0 um.
Total number of vias = 178045.
Up-via summary (total 178045):

-----------------
  Poly2         0
 Metal1     93588
 Metal2     80254
 Metal3      4203
 Metal4         0
-----------------
       178045


[INFO DRT-0195] Start 19th guides tiles iteration.
    Completing 10% with 29 violations.
    elapsed time = 00:00:00, memory = 1878.81 (MB).
    Completing 20% with 29 violations.
    elapsed time = 00:00:00, memory = 1878.81 (MB).
    Completing 30% with 29 violations.
    elapsed time = 00:00:00, memory = 1878.81 (MB).
    Completing 40% with 29 violations.
    elapsed time = 00:00:00, memory = 1878.81 (MB).
    Completing 50% with 29 violations.
    elapsed time = 00:00:00, memory = 1878.81 (MB).
    Completing 60% with 29 violations.
    elapsed time = 00:00:00, memory = 1878.81 (MB).
    Completing 70% with 29 violations.
    elapsed time = 00:00:00, memory = 1878.81 (MB).
    Completing 80% with 29 violations.
    elapsed time = 00:00:00, memory = 1878.81 (MB).
    Completing 90% with 29 violations.
    elapsed time = 00:00:00, memory = 1878.81 (MB).
    Completing 100% with 29 violations.
    elapsed time = 00:00:00, memory = 1878.81 (MB).
[INFO DRT-0199]   Number of violations = 29.
Viol/Layer      Metal2
Metal Spacing       16
Short               13
[INFO DRT-0267] cpu time = 00:00:01, elapsed time = 00:00:00, memory = 1878.81 (MB), peak = 1874.18 (MB)
Total wire length = 1059342 um.
Total wire length on LAYER Metal1 = 0 um.
Total wire length on LAYER Metal2 = 533227 um.
Total wire length on LAYER Metal3 = 488878 um.
Total wire length on LAYER Metal4 = 37235 um.
Total wire length on LAYER Metal5 = 0 um.
Total number of vias = 178045.
Up-via summary (total 178045):

-----------------
  Poly2         0
 Metal1     93588
 Metal2     80254
 Metal3      4203
 Metal4         0
-----------------
       178045


[INFO DRT-0195] Start 20th guides tiles iteration.
    Completing 10% with 29 violations.
    elapsed time = 00:00:00, memory = 1878.81 (MB).
    Completing 20% with 29 violations.
    elapsed time = 00:00:00, memory = 1878.81 (MB).
    Completing 30% with 29 violations.
    elapsed time = 00:00:00, memory = 1878.81 (MB).
    Completing 40% with 29 violations.
    elapsed time = 00:00:00, memory = 1878.81 (MB).
    Completing 50% with 29 violations.
    elapsed time = 00:00:00, memory = 1878.81 (MB).
    Completing 60% with 29 violations.
    elapsed time = 00:00:00, memory = 1878.81 (MB).
    Completing 70% with 29 violations.
    elapsed time = 00:00:00, memory = 1878.81 (MB).
    Completing 80% with 29 violations.
    elapsed time = 00:00:00, memory = 1878.81 (MB).
    Completing 90% with 29 violations.
    elapsed time = 00:00:00, memory = 1878.81 (MB).
    Completing 100% with 29 violations.
    elapsed time = 00:00:00, memory = 1878.81 (MB).
[INFO DRT-0199]   Number of violations = 29.
Viol/Layer      Metal2
Metal Spacing       16
Short               13
[INFO DRT-0267] cpu time = 00:00:01, elapsed time = 00:00:00, memory = 1878.81 (MB), peak = 1874.18 (MB)
Total wire length = 1059342 um.
Total wire length on LAYER Metal1 = 0 um.
Total wire length on LAYER Metal2 = 533227 um.
Total wire length on LAYER Metal3 = 488878 um.
Total wire length on LAYER Metal4 = 37235 um.
Total wire length on LAYER Metal5 = 0 um.
Total number of vias = 178045.
Up-via summary (total 178045):

-----------------
  Poly2         0
 Metal1     93588
 Metal2     80254
 Metal3      4203
 Metal4         0
-----------------
       178045


[INFO DRT-0195] Start 21st stubborn tiles iteration.
    Completing 10% with 29 violations.
    elapsed time = 00:00:01, memory = 1878.81 (MB).
    Completing 20% with 29 violations.
    elapsed time = 00:00:02, memory = 1878.81 (MB).
    Completing 30% with 29 violations.
    elapsed time = 00:00:03, memory = 1878.81 (MB).
    Completing 40% with 29 violations.
    elapsed time = 00:00:04, memory = 1878.81 (MB).
    Completing 50% with 29 violations.
    elapsed time = 00:00:04, memory = 1878.82 (MB).
    Completing 60% with 29 violations.
    elapsed time = 00:00:05, memory = 1878.82 (MB).
    Completing 70% with 22 violations.
    elapsed time = 00:00:06, memory = 1878.82 (MB).
    Completing 80% with 22 violations.
    elapsed time = 00:00:07, memory = 1878.82 (MB).
    Completing 90% with 22 violations.
    elapsed time = 00:00:07, memory = 1878.82 (MB).
    Completing 100% with 22 violations.
    elapsed time = 00:00:08, memory = 1878.82 (MB).
[INFO DRT-0199]   Number of violations = 22.
Viol/Layer      Metal2
Metal Spacing       16
Short                6
[INFO DRT-0267] cpu time = 00:04:17, elapsed time = 00:00:08, memory = 1878.82 (MB), peak = 1874.18 (MB)
Total wire length = 1059339 um.
Total wire length on LAYER Metal1 = 0 um.
Total wire length on LAYER Metal2 = 533215 um.
Total wire length on LAYER Metal3 = 488880 um.
Total wire length on LAYER Metal4 = 37243 um.
Total wire length on LAYER Metal5 = 0 um.
Total number of vias = 178051.
Up-via summary (total 178051):

-----------------
  Poly2         0
 Metal1     93588
 Metal2     80254
 Metal3      4209
 Metal4         0
-----------------
       178051


[INFO DRT-0195] Start 22nd guides tiles iteration.
    Completing 10% with 22 violations.
    elapsed time = 00:00:00, memory = 1878.82 (MB).
    Completing 20% with 22 violations.
    elapsed time = 00:00:00, memory = 1878.82 (MB).
    Completing 30% with 22 violations.
    elapsed time = 00:00:00, memory = 1878.82 (MB).
    Completing 40% with 22 violations.
    elapsed time = 00:00:00, memory = 1878.82 (MB).
    Completing 50% with 22 violations.
    elapsed time = 00:00:00, memory = 1878.82 (MB).
    Completing 60% with 22 violations.
    elapsed time = 00:00:00, memory = 1878.82 (MB).
    Completing 70% with 22 violations.
    elapsed time = 00:00:00, memory = 1878.82 (MB).
    Completing 80% with 22 violations.
    elapsed time = 00:00:00, memory = 1878.82 (MB).
    Completing 90% with 22 violations.
    elapsed time = 00:00:00, memory = 1878.82 (MB).
    Completing 100% with 22 violations.
    elapsed time = 00:00:00, memory = 1878.82 (MB).
[INFO DRT-0199]   Number of violations = 22.
Viol/Layer      Metal2
Metal Spacing       16
Short                6
[INFO DRT-0267] cpu time = 00:00:01, elapsed time = 00:00:00, memory = 1878.82 (MB), peak = 1874.18 (MB)
Total wire length = 1059340 um.
Total wire length on LAYER Metal1 = 0 um.
Total wire length on LAYER Metal2 = 533215 um.
Total wire length on LAYER Metal3 = 488880 um.
Total wire length on LAYER Metal4 = 37243 um.
Total wire length on LAYER Metal5 = 0 um.
Total number of vias = 178051.
Up-via summary (total 178051):

-----------------
  Poly2         0
 Metal1     93588
 Metal2     80254
 Metal3      4209
 Metal4         0
-----------------
       178051


[INFO DRT-0195] Start 23rd guides tiles iteration.
    Completing 10% with 22 violations.
    elapsed time = 00:00:00, memory = 1878.82 (MB).
    Completing 20% with 22 violations.
    elapsed time = 00:00:00, memory = 1878.82 (MB).
    Completing 30% with 22 violations.
    elapsed time = 00:00:00, memory = 1878.82 (MB).
    Completing 40% with 22 violations.
    elapsed time = 00:00:00, memory = 1878.82 (MB).
    Completing 50% with 22 violations.
    elapsed time = 00:00:00, memory = 1878.82 (MB).
    Completing 60% with 22 violations.
    elapsed time = 00:00:00, memory = 1878.82 (MB).
    Completing 70% with 22 violations.
    elapsed time = 00:00:00, memory = 1878.82 (MB).
    Completing 80% with 22 violations.
    elapsed time = 00:00:00, memory = 1878.82 (MB).
    Completing 90% with 22 violations.
    elapsed time = 00:00:00, memory = 1878.82 (MB).
    Completing 100% with 22 violations.
    elapsed time = 00:00:00, memory = 1878.82 (MB).
[INFO DRT-0199]   Number of violations = 22.
Viol/Layer      Metal2
Metal Spacing       16
Short                6
[INFO DRT-0267] cpu time = 00:00:01, elapsed time = 00:00:00, memory = 1878.82 (MB), peak = 1874.18 (MB)
Total wire length = 1059341 um.
Total wire length on LAYER Metal1 = 0 um.
Total wire length on LAYER Metal2 = 533220 um.
Total wire length on LAYER Metal3 = 488877 um.
Total wire length on LAYER Metal4 = 37243 um.
Total wire length on LAYER Metal5 = 0 um.
Total number of vias = 178051.
Up-via summary (total 178051):

-----------------
  Poly2         0
 Metal1     93588
 Metal2     80254
 Metal3      4209
 Metal4         0
-----------------
       178051


[INFO DRT-0195] Start 24th guides tiles iteration.
    Completing 10% with 22 violations.
    elapsed time = 00:00:00, memory = 1878.82 (MB).
    Completing 20% with 22 violations.
    elapsed time = 00:00:00, memory = 1878.82 (MB).
    Completing 30% with 22 violations.
    elapsed time = 00:00:00, memory = 1878.82 (MB).
    Completing 40% with 22 violations.
    elapsed time = 00:00:00, memory = 1878.82 (MB).
    Completing 50% with 22 violations.
    elapsed time = 00:00:00, memory = 1878.82 (MB).
    Completing 60% with 22 violations.
    elapsed time = 00:00:00, memory = 1878.82 (MB).
    Completing 70% with 22 violations.
    elapsed time = 00:00:00, memory = 1878.82 (MB).
    Completing 80% with 22 violations.
    elapsed time = 00:00:00, memory = 1878.82 (MB).
    Completing 90% with 22 violations.
    elapsed time = 00:00:00, memory = 1878.82 (MB).
    Completing 100% with 22 violations.
    elapsed time = 00:00:00, memory = 1878.82 (MB).
[INFO DRT-0199]   Number of violations = 22.
Viol/Layer      Metal2
Metal Spacing       16
Short                6
[INFO DRT-0267] cpu time = 00:00:01, elapsed time = 00:00:00, memory = 1878.82 (MB), peak = 1874.18 (MB)
Total wire length = 1059340 um.
Total wire length on LAYER Metal1 = 0 um.
Total wire length on LAYER Metal2 = 533215 um.
Total wire length on LAYER Metal3 = 488881 um.
Total wire length on LAYER Metal4 = 37243 um.
Total wire length on LAYER Metal5 = 0 um.
Total number of vias = 178051.
Up-via summary (total 178051):

-----------------
  Poly2         0
 Metal1     93588
 Metal2     80254
 Metal3      4209
 Metal4         0
-----------------
       178051


[INFO DRT-0195] Start 25th optimization iteration.
    Completing 10% with 22 violations.
    elapsed time = 00:00:00, memory = 1878.82 (MB).
    Completing 20% with 22 violations.
    elapsed time = 00:00:00, memory = 1878.82 (MB).
    Completing 30% with 24 violations.
    elapsed time = 00:00:00, memory = 1878.82 (MB).
    Completing 40% with 24 violations.
    elapsed time = 00:00:00, memory = 1878.82 (MB).
    Completing 50% with 24 violations.
    elapsed time = 00:00:00, memory = 1878.82 (MB).
    Completing 60% with 29 violations.
    elapsed time = 00:00:00, memory = 1878.82 (MB).
    Completing 70% with 29 violations.
    elapsed time = 00:00:00, memory = 1878.82 (MB).
    Completing 80% with 29 violations.
    elapsed time = 00:00:00, memory = 1878.82 (MB).
    Completing 90% with 29 violations.
    elapsed time = 00:00:00, memory = 1878.82 (MB).
    Completing 100% with 29 violations.
    elapsed time = 00:00:00, memory = 1878.82 (MB).
[INFO DRT-0199]   Number of violations = 29.
Viol/Layer      Metal2
Metal Spacing       20
Short                9
[INFO DRT-0267] cpu time = 00:00:03, elapsed time = 00:00:00, memory = 1878.82 (MB), peak = 1874.18 (MB)
Total wire length = 1059339 um.
Total wire length on LAYER Metal1 = 0 um.
Total wire length on LAYER Metal2 = 533228 um.
Total wire length on LAYER Metal3 = 488879 um.
Total wire length on LAYER Metal4 = 37231 um.
Total wire length on LAYER Metal5 = 0 um.
Total number of vias = 178047.
Up-via summary (total 178047):

-----------------
  Poly2         0
 Metal1     93588
 Metal2     80254
 Metal3      4205
 Metal4         0
-----------------
       178047


[INFO DRT-0195] Start 26th guides tiles iteration.
    Completing 10% with 29 violations.
    elapsed time = 00:00:00, memory = 1878.82 (MB).
    Completing 20% with 29 violations.
    elapsed time = 00:00:00, memory = 1878.82 (MB).
    Completing 30% with 29 violations.
    elapsed time = 00:00:00, memory = 1878.82 (MB).
    Completing 40% with 29 violations.
    elapsed time = 00:00:00, memory = 1878.82 (MB).
    Completing 50% with 29 violations.
    elapsed time = 00:00:00, memory = 1878.82 (MB).
    Completing 60% with 29 violations.
    elapsed time = 00:00:00, memory = 1878.82 (MB).
    Completing 70% with 29 violations.
    elapsed time = 00:00:00, memory = 1878.82 (MB).
    Completing 80% with 29 violations.
    elapsed time = 00:00:00, memory = 1878.82 (MB).
    Completing 90% with 29 violations.
    elapsed time = 00:00:00, memory = 1878.82 (MB).
    Completing 100% with 25 violations.
    elapsed time = 00:00:00, memory = 1878.82 (MB).
[INFO DRT-0199]   Number of violations = 25.
Viol/Layer      Metal2
Metal Spacing       18
Short                7
[INFO DRT-0267] cpu time = 00:00:01, elapsed time = 00:00:00, memory = 1878.82 (MB), peak = 1874.18 (MB)
Total wire length = 1059338 um.
Total wire length on LAYER Metal1 = 0 um.
Total wire length on LAYER Metal2 = 533223 um.
Total wire length on LAYER Metal3 = 488880 um.
Total wire length on LAYER Metal4 = 37235 um.
Total wire length on LAYER Metal5 = 0 um.
Total number of vias = 178049.
Up-via summary (total 178049):

-----------------
  Poly2         0
 Metal1     93588
 Metal2     80254
 Metal3      4207
 Metal4         0
-----------------
       178049


[INFO DRT-0195] Start 27th guides tiles iteration.
    Completing 10% with 25 violations.
    elapsed time = 00:00:00, memory = 1878.82 (MB).
    Completing 20% with 25 violations.
    elapsed time = 00:00:00, memory = 1878.82 (MB).
    Completing 30% with 25 violations.
    elapsed time = 00:00:00, memory = 1878.82 (MB).
    Completing 40% with 25 violations.
    elapsed time = 00:00:00, memory = 1878.82 (MB).
    Completing 50% with 25 violations.
    elapsed time = 00:00:00, memory = 1878.82 (MB).
    Completing 60% with 25 violations.
    elapsed time = 00:00:00, memory = 1878.82 (MB).
    Completing 70% with 25 violations.
    elapsed time = 00:00:00, memory = 1878.82 (MB).
    Completing 80% with 25 violations.
    elapsed time = 00:00:00, memory = 1878.82 (MB).
    Completing 90% with 25 violations.
    elapsed time = 00:00:00, memory = 1878.82 (MB).
    Completing 100% with 25 violations.
    elapsed time = 00:00:00, memory = 1878.82 (MB).
[INFO DRT-0199]   Number of violations = 25.
Viol/Layer      Metal2
Metal Spacing       18
Short                7
[INFO DRT-0267] cpu time = 00:00:01, elapsed time = 00:00:00, memory = 1878.82 (MB), peak = 1874.18 (MB)
Total wire length = 1059338 um.
Total wire length on LAYER Metal1 = 0 um.
Total wire length on LAYER Metal2 = 533223 um.
Total wire length on LAYER Metal3 = 488880 um.
Total wire length on LAYER Metal4 = 37235 um.
Total wire length on LAYER Metal5 = 0 um.
Total number of vias = 178049.
Up-via summary (total 178049):

-----------------
  Poly2         0
 Metal1     93588
 Metal2     80254
 Metal3      4207
 Metal4         0
-----------------
       178049


[INFO DRT-0195] Start 28th stubborn tiles iteration.
    Completing 10% with 25 violations.
    elapsed time = 00:00:00, memory = 1878.82 (MB).
    Completing 20% with 25 violations.
    elapsed time = 00:00:01, memory = 1878.82 (MB).
    Completing 30% with 25 violations.
    elapsed time = 00:00:02, memory = 1878.82 (MB).
    Completing 40% with 25 violations.
    elapsed time = 00:00:03, memory = 1878.82 (MB).
    Completing 50% with 25 violations.
    elapsed time = 00:00:04, memory = 1878.82 (MB).
    Completing 60% with 25 violations.
    elapsed time = 00:00:04, memory = 1878.82 (MB).
    Completing 70% with 10 violations.
    elapsed time = 00:00:05, memory = 1878.82 (MB).
    Completing 80% with 10 violations.
    elapsed time = 00:00:06, memory = 1878.82 (MB).
    Completing 90% with 10 violations.
    elapsed time = 00:00:06, memory = 1878.82 (MB).
    Completing 100% with 1 violations.
    elapsed time = 00:00:06, memory = 1878.82 (MB).
[INFO DRT-0199]   Number of violations = 1.
Viol/Layer      Metal2
Short                1
[INFO DRT-0267] cpu time = 00:03:24, elapsed time = 00:00:06, memory = 1878.82 (MB), peak = 1874.18 (MB)
Total wire length = 1059334 um.
Total wire length on LAYER Metal1 = 0 um.
Total wire length on LAYER Metal2 = 533188 um.
Total wire length on LAYER Metal3 = 488891 um.
Total wire length on LAYER Metal4 = 37255 um.
Total wire length on LAYER Metal5 = 0 um.
Total number of vias = 178059.
Up-via summary (total 178059):

-----------------
  Poly2         0
 Metal1     93588
 Metal2     80254
 Metal3      4217
 Metal4         0
-----------------
       178059


[INFO DRT-0195] Start 29th guides tiles iteration.
    Completing 100% with 1 violations.
    elapsed time = 00:00:00, memory = 1878.82 (MB).
[INFO DRT-0199]   Number of violations = 1.
Viol/Layer      Metal2
Short                1
[INFO DRT-0267] cpu time = 00:00:00, elapsed time = 00:00:00, memory = 1878.82 (MB), peak = 1874.18 (MB)
Total wire length = 1059334 um.
Total wire length on LAYER Metal1 = 0 um.
Total wire length on LAYER Metal2 = 533188 um.
Total wire length on LAYER Metal3 = 488891 um.
Total wire length on LAYER Metal4 = 37255 um.
Total wire length on LAYER Metal5 = 0 um.
Total number of vias = 178059.
Up-via summary (total 178059):

-----------------
  Poly2         0
 Metal1     93588
 Metal2     80254
 Metal3      4217
 Metal4         0
-----------------
       178059


[INFO DRT-0195] Start 30th guides tiles iteration.
    Completing 100% with 0 violations.
    elapsed time = 00:00:00, memory = 1878.82 (MB).
[INFO DRT-0199]   Number of violations = 0.
[INFO DRT-0267] cpu time = 00:00:00, elapsed time = 00:00:00, memory = 1878.82 (MB), peak = 1874.18 (MB)
Total wire length = 1059332 um.
Total wire length on LAYER Metal1 = 0 um.
Total wire length on LAYER Metal2 = 533188 um.
Total wire length on LAYER Metal3 = 488889 um.
Total wire length on LAYER Metal4 = 37255 um.
Total wire length on LAYER Metal5 = 0 um.
Total number of vias = 178059.
Up-via summary (total 178059):

-----------------
  Poly2         0
 Metal1     93588
 Metal2     80254
 Metal3      4217
 Metal4         0
-----------------
       178059


[INFO DRT-0198] Complete detail routing.
Total wire length = 1059332 um.
Total wire length on LAYER Metal1 = 0 um.
Total wire length on LAYER Metal2 = 533188 um.
Total wire length on LAYER Metal3 = 488889 um.
Total wire length on LAYER Metal4 = 37255 um.
Total wire length on LAYER Metal5 = 0 um.
Total number of vias = 178059.
Up-via summary (total 178059):

-----------------
  Poly2         0
 Metal1     93588
 Metal2     80254
 Metal3      4217
 Metal4         0
-----------------
       178059


[INFO DRT-0267] cpu time = 00:31:18, elapsed time = 00:01:15, memory = 1878.95 (MB), peak = 1874.18 (MB)

[INFO DRT-0180] Post processing.
+ check_antennas 
[INFO ANT-0002] Found 0 net violations.
[INFO ANT-0001] Found 0 pin violations.
Setting global connections for newly added cells…
[INFO] Setting global connections...
[INFO ODB-0403] 0 connections made, 0 conflicts skipped.
Updating metrics…
Cell type report:                       Count       Area
  Endcap cell                             544    2388.38
  Tap cell                               7402   32497.74
  Antenna cell                             11      48.29
  Tie cell                                 94     825.40
  Clock buffer                            633   33929.01
  Timing Repair Buffer                   3144   67151.17
  Inverter                               1111    9852.06
  Clock inverter                          406    8675.43
  Sequential cell                        3042  227791.51
  Multi-Input combinational cell        18164  369621.19
  Total                                 34551  752780.18
Writing OpenROAD database to '/foss/designs/lstm16x_int8_gf180_1000x1000/A54_A_wrapper/synthesis/runs/A54_A_wrapper_strong_power3/18-openroad-detailedrouting/A54_A.odb'…
Writing netlist to '/foss/designs/lstm16x_int8_gf180_1000x1000/A54_A_wrapper/synthesis/runs/A54_A_wrapper_strong_power3/18-openroad-detailedrouting/A54_A.nl.v'…
Writing powered netlist to '/foss/designs/lstm16x_int8_gf180_1000x1000/A54_A_wrapper/synthesis/runs/A54_A_wrapper_strong_power3/18-openroad-detailedrouting/A54_A.pnl.v'…
Writing layout to '/foss/designs/lstm16x_int8_gf180_1000x1000/A54_A_wrapper/synthesis/runs/A54_A_wrapper_strong_power3/18-openroad-detailedrouting/A54_A.def'…
Writing timing constraints to '/foss/designs/lstm16x_int8_gf180_1000x1000/A54_A_wrapper/synthesis/runs/A54_A_wrapper_strong_power3/18-openroad-detailedrouting/A54_A.sdc'…
