Starting…
Skipping step 'Verilator Lint'…
Skipping step 'Lint Timing Error Checker'…
Skipping step 'Lint Errors Checker'…
Skipping step 'Lint Warnings Checker'…
Skipping step 'Generate JSON Header'…
Skipping step 'Synthesis'…
Skipping step 'Unmapped Cells Checker'…
Skipping step 'Yosys Synth Checks'…
Skipping step 'Netlist Assign Statement Checker'…
Skipping step 'Check SDC Files'…
Skipping step 'Check Macro Instances'…
Skipping step 'STA (Pre-PnR)'…
Skipping step 'Floorplan Init'…
Skipping step 'Dump RC Values'…
Skipping step 'Check Antenna Properties of Macros Pins in Their LEF Views'…
Skipping step 'Set Power Connections'…
Skipping step 'Manual Macro Placement'…
Skipping step 'Cut Rows'…
Skipping step 'Tap/Decap Insertion'…
Skipping step 'Add PDN obstructions'…
Skipping step 'Generate PDN'…
Skipping step 'Remove PDN obstructions'…
Skipping step 'Add Obstructions'…
Skipping step 'Global Placement Skip IO'…
Skipping step 'I/O Placement'…
Skipping step 'Custom I/O Placement'…
Skipping step 'Apply DEF Template'…
Skipping step 'Global Placement'…
Skipping step 'Write Verilog Header'…
Skipping step 'Power Grid Violation Checker'…
Skipping step 'STA (Mid-PnR)'…
Skipping step 'Repair Design (Post-Global Placement)'…
Skipping step 'Manual Global Placement'…
Skipping step 'Detailed Placement'…
Skipping step 'Clock Tree Synthesis'…
Skipping step 'STA (Mid-PnR)'…
Skipping step 'Resizer Timing Optimizations (Post-Clock Tree Synthesis)'…
Skipping step 'STA (Mid-PnR)'…
Skipping step 'Global Routing'…
Skipping step 'Check Antennas'…
Skipping step 'Repair Design (Post-Global Routing)'…
Skipping step 'Diodes on Ports'…
Gating variable for step 'Odb.HeuristicDiodeInsertion' set to 'False'- the step will be skipped.
Skipping step 'Heuristic Diode Insertion'…
Skipping step 'Antenna Repair'…
Gating variable for step 'OpenROAD.ResizerTimingPostGRT' set to 'False'- the step will be skipped.
Skipping step 'Resizer Timing Optimizations (Post-Global Routing)'…
Skipping step 'STA (Mid-PnR)'…
Skipping step 'Detailed Routing'…
Skipping step 'Remove Obstructions'…
Skipping step 'Check Antennas'…
Skipping step 'Routing DRC Checker'…
Skipping step 'Report Disconnected Pins'…
Skipping step 'Disconnected Pins Checker'…
Skipping step 'Report Wire Length'…
Skipping step 'Wire Length Threshold Checker'…
Skipping step 'Fill Insertion'…
Skipping step 'Generate Cell Frequency Tables'…
Skipping step 'Parasitics (RC) Extraction'…
Skipping step 'STA (Post-PnR)'…
Skipping step 'IR Drop Report'…
Skipping step 'GDSII Stream Out (Magic)'…
Skipping step 'GDSII Stream Out (KLayout)'…
Skipping step 'Render Image (w/ KLayout)'…
Skipping step 'Write LEF (Magic)'…
Skipping step 'Check Antenna Properties of Pins in The Generated Design LEF view'…
Skipping step 'KLayout vs. Magic XOR'…
Skipping step 'XOR Difference Checker'…
Running 'Magic.DRC' at 'synthesis/runs/A54_A_wrapper_no_context_signoff1/01-magic-drc'…
Logging subprocess to [repr.filename]'synthesis/runs/A54_A_wrapper_no_context_signoff1/01-magic-drc/magic-drc.log'[/repr.filename]…
Running 'KLayout.DRC' at 'synthesis/runs/A54_A_wrapper_no_context_signoff1/02-klayout-drc'…
KLAYOUT_DRC_RUNSET is unset. KLayout.DRC may not be supported for the gf180mcuD PDK. This step will be skipped.
Running 'Checker.MagicDRC' at 'synthesis/runs/A54_A_wrapper_no_context_signoff1/03-checker-magicdrc'…
Check for Magic DRC errors clear.
Running 'Checker.KLayoutDRC' at 'synthesis/runs/A54_A_wrapper_no_context_signoff1/04-checker-klayoutdrc'…
The KLayout DRC errors metric was not found. Are you sure the relevant step was run?
Running 'Magic.SpiceExtraction' at 'synthesis/runs/A54_A_wrapper_no_context_signoff1/05-magic-spiceextraction'…
Logging subprocess to [repr.filename]'synthesis/runs/A54_A_wrapper_no_context_signoff1/05-magic-spiceextraction/magic-spiceextraction.log'[/repr.filename]…
Running 'Checker.IllegalOverlap' at 'synthesis/runs/A54_A_wrapper_no_context_signoff1/06-checker-illegaloverlap'…
Check for Magic Illegal Overlap errors clear.
Running 'Netgen.LVS' at 'synthesis/runs/A54_A_wrapper_no_context_signoff1/07-netgen-lvs'…
Logging subprocess to [repr.filename]'synthesis/runs/A54_A_wrapper_no_context_signoff1/07-netgen-lvs/netgen-lvs.log'[/repr.filename]…
Running 'Checker.LVS' at 'synthesis/runs/A54_A_wrapper_no_context_signoff1/08-checker-lvs'…
Check for LVS errors clear.
Gating variable for step 'Yosys.EQY' set to 'False'- the step will be skipped.
Skipping step 'Equivalence Check'…
Running 'Checker.SetupViolations' at 'synthesis/runs/A54_A_wrapper_no_context_signoff1/09-checker-setupviolations'…
No metrics found for timing__setup_vio__count__corner.
Running 'Checker.HoldViolations' at 'synthesis/runs/A54_A_wrapper_no_context_signoff1/10-checker-holdviolations'…
No metrics found for timing__hold_vio__count__corner.
Running 'Checker.MaxSlewViolations' at 'synthesis/runs/A54_A_wrapper_no_context_signoff1/11-checker-maxslewviolations'…
No metrics found for design__max_slew_violation__count__corner.
Running 'Checker.MaxCapViolations' at 'synthesis/runs/A54_A_wrapper_no_context_signoff1/12-checker-maxcapviolations'…
No metrics found for design__max_cap_violation__count__corner.
Running 'Misc.ReportManufacturability' at 'synthesis/runs/A54_A_wrapper_no_context_signoff1/13-misc-reportmanufacturability'…
klayout__drc_error__count not reported. KLayout.DRC may have been skipped.
'antenna__violating__nets' not reported. OpenROAD.CheckAntennas may have been skipped.
Saving views to '/foss/designs/lstm16x_int8_gf180_1000x1000/A54_A_wrapper/synthesis/runs/A54_A_wrapper_no_context_signoff1/final'…
Flow complete.
